#-----------------------------------------------------------
# Vivado v2019.1 (64-bit)
# SW Build 2552052 on Fri May 24 14:49:42 MDT 2019
# IP Build 2548770 on Fri May 24 18:01:18 MDT 2019
# Start of session at: Mon Sep  7 18:46:51 2020
# Process ID: 9724
# Current directory: C:/Gac/Projekty/Huffman_Part2
# Command line: vivado.exe -gui_launcher_event rodinguilauncherevent13368 C:\Gac\Projekty\Huffman_Part2\Huffman_2.xpr
# Log file: C:/Gac/Projekty/Huffman_Part2/vivado.log
# Journal file: C:/Gac/Projekty/Huffman_Part2\vivado.jou
#-----------------------------------------------------------
start_gui
open_project C:/Gac/Projekty/Huffman_Part2/Huffman_2.xpr
update_compile_order -fileset sources_1
launch_simulation
source sort_data_tb.tcl
current_wave_config {Untitled 1}
add_wave {{/sort_data_tb/UUT/i}} 
current_wave_config {Untitled 1}
add_wave {{/sort_data_tb/UUT/j}} 
restart
run 10 us
close_sim
launch_simulation
source sort_data_tb.tcl
set_property top huffman_tb [get_filesets sim_1]
set_property top_lib xil_defaultlib [get_filesets sim_1]
launch_simulation
close_sim
launch_simulation
source huffman_tb.tcl
current_wave_config {Untitled 3}
add_wave {{/huffman_tb/UUT/encodedData}} 
restart
run 10 us
run 10 us
run 10 us
run 10 us
run 10 us
close_sim
launch_simulation
launch_simulation
source huffman_tb.tcl
run 10 us
run 10 us
run 10 us
run 10 us
run 10 us
run 10 us
run 10 us
run 10 us
run 10 us
run 10 us
run 10 us
run 10 us
run 10 us
run 10 us
run 10 us
run 10 us
run 10 us
run 10 us
run 10 us
close_sim
launch_simulation
launch_simulation
source huffman_tb.tcl
run 10 us
run 10 us
run 10 us
close_sim
launch_simulation
source huffman_tb.tcl
run 10 us
run 10 us
run 10 us
run 10 us
close_sim
launch_simulation
source huffman_tb.tcl
run 10 us
run 10 us
run 10 us
close_sim
launch_simulation
source huffman_tb.tcl
run 10 us
run 10 us
run 10 us
close_sim
launch_simulation
source huffman_tb.tcl
run 10 us
run 10 us
run 10 us
restart
run 10 us
run 10 us
run 10 us
close_sim
launch_simulation
source huffman_tb.tcl
run 10 us
run 10 us
run 10 us
close_sim
