#-----------------------------------------------------------
# Vivado v2019.1 (64-bit)
# SW Build 2552052 on Fri May 24 14:49:42 MDT 2019
# IP Build 2548770 on Fri May 24 18:01:18 MDT 2019
# Start of session at: Mon Sep  7 10:55:55 2020
# Process ID: 12988
# Current directory: C:/Gac/Projekty/Huffman_2
# Command line: vivado.exe -gui_launcher_event rodinguilauncherevent9420 C:\Gac\Projekty\Huffman_2\Huffman_2.xpr
# Log file: C:/Gac/Projekty/Huffman_2/vivado.log
# Journal file: C:/Gac/Projekty/Huffman_2\vivado.jou
#-----------------------------------------------------------
start_gui
open_project C:/Gac/Projekty/Huffman_2/Huffman_2.xpr
update_compile_order -fileset sources_1
update_compile_order -fileset sources_1

add_files -norecurse {C:/Gac/Projekty/Huffman_2/Huffman_2.srcs/sources_1/new/huffman_tb.v C:/Gac/Projekty/Huffman_2/Huffman_2.srcs/sources_1/new/huffman.v}
update_compile_order -fileset sources_1
# Disabling source management mode.  This is to allow the top design properties to be set without GUI intervention.
set_property source_mgmt_mode None [current_project]
set_property top huffman_tb [current_fileset]
# Re-enabling previously disabled source management mode.
set_property source_mgmt_mode All [current_project]
update_compile_order -fileset sources_1
update_compile_order -fileset sources_1
close [ open C:/Gac/Projekty/Huffman_2/Huffman_2.srcs/sources_1/new/sort_data_tb.sv w ]
add_files C:/Gac/Projekty/Huffman_2/Huffman_2.srcs/sources_1/new/sort_data_tb.sv
update_compile_order -fileset sources_1
export_ip_user_files -of_objects  [get_files C:/Gac/Projekty/Huffman_2/Huffman_2.srcs/sources_1/new/huffman_tb.v] -no_script -reset -force -quiet
export_ip_user_files -of_objects  [get_files C:/Gac/Projekty/Huffman_2/Huffman_2.srcs/sources_1/new/build_tree_tb.v] -no_script -reset -force -quiet
export_ip_user_files -of_objects  [get_files C:/Gac/Projekty/Huffman_2/Huffman_2.srcs/sources_1/new/init_tb.v] -no_script -reset -force -quiet
export_ip_user_files -of_objects  [get_files C:/Gac/Projekty/Huffman_2/Huffman_2.srcs/sources_1/new/send_tree_tb.v] -no_script -reset -force -quiet
export_ip_user_files -of_objects  [get_files C:/Gac/Projekty/Huffman_2/Huffman_2.srcs/sources_1/new/sort_data.v] -no_script -reset -force -quiet
remove_files  {C:/Gac/Projekty/Huffman_2/Huffman_2.srcs/sources_1/new/huffman_tb.v C:/Gac/Projekty/Huffman_2/Huffman_2.srcs/sources_1/new/build_tree_tb.v C:/Gac/Projekty/Huffman_2/Huffman_2.srcs/sources_1/new/init_tb.v C:/Gac/Projekty/Huffman_2/Huffman_2.srcs/sources_1/new/send_tree_tb.v C:/Gac/Projekty/Huffman_2/Huffman_2.srcs/sources_1/new/sort_data.v}
export_ip_user_files -of_objects  [get_files C:/Gac/Projekty/Huffman_2/Huffman_2.srcs/sources_1/new/get_data_tb.sv] -no_script -reset -force -quiet
export_ip_user_files -of_objects  [get_files C:/Gac/Projekty/Huffman_2/Huffman_2.srcs/sources_1/new/sort_data_tb.sv] -no_script -reset -force -quiet
remove_files  {C:/Gac/Projekty/Huffman_2/Huffman_2.srcs/sources_1/new/get_data_tb.sv C:/Gac/Projekty/Huffman_2/Huffman_2.srcs/sources_1/new/sort_data_tb.sv}
update_compile_order -fileset sources_1
add_files -norecurse {C:/Gac/Projekty/Huffman_2/Huffman_2.srcs/sources_1/new/huffman_tb.sv C:/Gac/Projekty/Huffman_2/Huffman_2.srcs/sources_1/new/init_tb.sv C:/Gac/Projekty/Huffman_2/Huffman_2.srcs/sources_1/new/build_tree_tb.sv C:/Gac/Projekty/Huffman_2/Huffman_2.srcs/sources_1/new/sort_data_tb.sv C:/Gac/Projekty/Huffman_2/Huffman_2.srcs/sources_1/new/init.sv C:/Gac/Projekty/Huffman_2/Huffman_2.srcs/sources_1/new/build_tree.sv C:/Gac/Projekty/Huffman_2/Huffman_2.srcs/sources_1/new/huffman.sv C:/Gac/Projekty/Huffman_2/Huffman_2.srcs/sources_1/new/sort_data.sv C:/Gac/Projekty/Huffman_2/Huffman_2.srcs/sources_1/new/get_data_tb.sv C:/Gac/Projekty/Huffman_2/Huffman_2.srcs/sources_1/new/get_data.sv C:/Gac/Projekty/Huffman_2/Huffman_2.srcs/sources_1/new/send_tree.sv C:/Gac/Projekty/Huffman_2/Huffman_2.srcs/sources_1/new/send_tree_tb.sv}
update_compile_order -fileset sources_1
update_compile_order -fileset sources_1
# Disabling source management mode.  This is to allow the top design properties to be set without GUI intervention.
set_property source_mgmt_mode None [current_project]
set_property top huffman_tb [current_fileset]
# Re-enabling previously disabled source management mode.
set_property source_mgmt_mode All [current_project]
update_compile_order -fileset sources_1
export_ip_user_files -of_objects  [get_files C:/Gac/Projekty/Huffman_2/Huffman_2.srcs/sources_1/new/huffman.v] -no_script -reset -force -quiet
remove_files  C:/Gac/Projekty/Huffman_2/Huffman_2.srcs/sources_1/new/huffman.v
export_ip_user_files -of_objects  [get_files C:/Gac/Projekty/Huffman_2/Huffman_2.srcs/sources_1/new/SynthHuffman_tb.v] -no_script -reset -force -quiet
remove_files  C:/Gac/Projekty/Huffman_2/Huffman_2.srcs/sources_1/new/SynthHuffman_tb.v
export_ip_user_files -of_objects  [get_files C:/Gac/Projekty/Huffman_2/Huffman_2.srcs/sources_1/new/SynthHuffman.v] -no_script -reset -force -quiet
remove_files  C:/Gac/Projekty/Huffman_2/Huffman_2.srcs/sources_1/new/SynthHuffman.v
remove_files  C:/Gac/Projekty/Huffman_2/Huffman_2.srcs/sources_1/new/SynthHuffman.v
export_ip_user_files -of_objects  [get_files C:/Gac/Projekty/Huffman_2/Huffman_2.srcs/sources_1/new/build_tree.v] -no_script -reset -force -quiet
remove_files  C:/Gac/Projekty/Huffman_2/Huffman_2.srcs/sources_1/new/build_tree.v
remove_files  C:/Gac/Projekty/Huffman_2/Huffman_2.srcs/sources_1/new/build_tree.v
export_ip_user_files -of_objects  [get_files C:/Gac/Projekty/Huffman_2/Huffman_2.srcs/sources_1/new/init.v] -no_script -reset -force -quiet
remove_files  C:/Gac/Projekty/Huffman_2/Huffman_2.srcs/sources_1/new/init.v
remove_files  C:/Gac/Projekty/Huffman_2/Huffman_2.srcs/sources_1/new/build_tree.v
export_ip_user_files -of_objects  [get_files C:/Gac/Projekty/Huffman_2/Huffman_2.srcs/sources_1/new/new_get_data.sv] -no_script -reset -force -quiet
remove_files  C:/Gac/Projekty/Huffman_2/Huffman_2.srcs/sources_1/new/new_get_data.sv
remove_files  C:/Gac/Projekty/Huffman_2/Huffman_2.srcs/sources_1/new/new_get_data.sv
export_ip_user_files -of_objects  [get_files C:/Gac/Projekty/Huffman_2/Huffman_2.srcs/sources_1/new/send_tree.v] -no_script -reset -force -quiet
remove_files  C:/Gac/Projekty/Huffman_2/Huffman_2.srcs/sources_1/new/send_tree.v
