#-----------------------------------------------------------
# Vivado v2019.1 (64-bit)
# SW Build 2552052 on Fri May 24 14:49:42 MDT 2019
# IP Build 2548770 on Fri May 24 18:01:18 MDT 2019
# Start of session at: Sun Sep  6 13:07:45 2020
# Process ID: 15044
# Current directory: C:/Gac/Projekty/Huffman_2
# Command line: vivado.exe -gui_launcher_event rodinguilauncherevent7060 C:\Gac\Projekty\Huffman_2\Huffman_2.xpr
# Log file: C:/Gac/Projekty/Huffman_2/vivado.log
# Journal file: C:/Gac/Projekty/Huffman_2\vivado.jou
#----------------------------------------------------------start_gui
opopen_project C:/Gac/Projekty/Huffman_2/Huffman_2.xpupupdate_compile_order -fileset sources_reset_run synth_1
ce management mode.  This is to allow the top design properties to be set without GUI intervention.
set_property source_mgmt_mode None [current_project]
set_property top SynthHuffman [current_fileset]
# Re-enabling previously disabled source management mode.
set_property source_mgmt_mode All [current_project]
reset_run synth_1
update_compile_order -fileset sources_1
launch_runs synth_1 -jobs 4
wait_on_run synth_1
reset_run synth_1
launch_runs synth_1 -jobs 4
wait_on_run synth_1
